woop

Step 1)

thill@thinkcentre-m73:~$ sudo apt-get install ros-kinetic-freenect-camera

thill@thinkcentre-m73:~$ sudo apt-get install ros-kinetic-freenect-launch


thill@thinkcentre-m73:~$ sudo apt-get install ros-kinetic-openni-camera

thill@thinkcentre-m73:~$ sudo apt-get install ros-kinetic-openni-launch



I cannot figure out why this always happens !!!

thill@thinkcentre-m73:~$ lsusb
Bus 002 Device 002: ID 8087:8000 Intel Corp. 
Bus 002 Device 001: ID 1d6b:0002 Linux Foundation 2.0 root hub
Bus 001 Device 002: ID 8087:8008 Intel Corp. 
Bus 001 Device 001: ID 1d6b:0002 Linux Foundation 2.0 root hub
Bus 004 Device 001: ID 1d6b:0003 Linux Foundation 3.0 root hub
Bus 003 Device 113: ID 045e:02b0 Microsoft Corp. Xbox NUI Motor
Bus 003 Device 112: ID 0409:005a NEC Corp. HighSpeed Hub
Bus 003 Device 003: ID 413c:2005 Dell Computer Corp. RT7D50 Keyboard
Bus 003 Device 098: ID 0461:4e22 Primax Electronics, Ltd 
Bus 003 Device 001: ID 1d6b:0002 Linux Foundation 2.0 root hub
thill@thinkcentre-m73:~$ roslaunch freenect_launch freenect.launch
... logging to /home/thill/.ros/log/53d6511e-a225-11e8-90f3-0023246d4fda/roslaunch-thinkcentre-m73-11947.log
Checking log directory for disk usage. This may take awhile.
Press Ctrl-C to interrupt
Done checking log file disk usage. Usage is <1GB.

started roslaunch server http://thinkcentre-m73:45753/

SUMMARY
========

PARAMETERS
 * /camera/camera_nodelet_manager/num_worker_threads: 4
 * /camera/depth_rectify_depth/interpolation: 0
 * /camera/depth_registered_rectify_depth/interpolation: 0
 * /camera/disparity_depth/max_range: 4.0
 * /camera/disparity_depth/min_range: 0.5
 * /camera/disparity_registered_hw/max_range: 4.0
 * /camera/disparity_registered_hw/min_range: 0.5
 * /camera/disparity_registered_sw/max_range: 4.0
 * /camera/disparity_registered_sw/min_range: 0.5
 * /camera/driver/data_skip: 0
 * /camera/driver/debug: False
 * /camera/driver/depth_camera_info_url: 
 * /camera/driver/depth_frame_id: camera_depth_opti...
 * /camera/driver/depth_registration: False
 * /camera/driver/device_id: #1
 * /camera/driver/diagnostics_max_frequency: 30.0
 * /camera/driver/diagnostics_min_frequency: 30.0
 * /camera/driver/diagnostics_tolerance: 0.05
 * /camera/driver/diagnostics_window_time: 5.0
 * /camera/driver/enable_depth_diagnostics: False
 * /camera/driver/enable_ir_diagnostics: False
 * /camera/driver/enable_rgb_diagnostics: False
 * /camera/driver/rgb_camera_info_url: 
 * /camera/driver/rgb_frame_id: camera_rgb_optica...
 * /rosdistro: kinetic
 * /rosversion: 1.12.13

NODES
  /camera/
    camera_nodelet_manager (nodelet/nodelet)
    depth_metric (nodelet/nodelet)
    depth_metric_rect (nodelet/nodelet)
    depth_points (nodelet/nodelet)
    depth_rectify_depth (nodelet/nodelet)
    depth_registered_hw_metric_rect (nodelet/nodelet)
    depth_registered_metric (nodelet/nodelet)
    depth_registered_rectify_depth (nodelet/nodelet)
    depth_registered_sw_metric_rect (nodelet/nodelet)
    disparity_depth (nodelet/nodelet)
    disparity_registered_hw (nodelet/nodelet)
    disparity_registered_sw (nodelet/nodelet)
    driver (nodelet/nodelet)
    ir_rectify_ir (nodelet/nodelet)
    points_xyzrgb_hw_registered (nodelet/nodelet)
    points_xyzrgb_sw_registered (nodelet/nodelet)
    register_depth_rgb (nodelet/nodelet)
    rgb_debayer (nodelet/nodelet)
    rgb_rectify_color (nodelet/nodelet)
    rgb_rectify_mono (nodelet/nodelet)
  /
    camera_base_link (tf2_ros/static_transform_publisher)
    camera_base_link1 (tf2_ros/static_transform_publisher)
    camera_base_link2 (tf2_ros/static_transform_publisher)
    camera_base_link3 (tf2_ros/static_transform_publisher)

auto-starting new master
process[master]: started with pid [11967]
ROS_MASTER_URI=http://localhost:11311

setting /run_id to 53d6511e-a225-11e8-90f3-0023246d4fda
process[rosout-1]: started with pid [11980]
started core service [/rosout]
process[camera/camera_nodelet_manager-2]: started with pid [11997]
process[camera/driver-3]: started with pid [11998]
process[camera/rgb_debayer-4]: started with pid [11999]
process[camera/rgb_rectify_mono-5]: started with pid [12010]
process[camera/rgb_rectify_color-6]: started with pid [12023]
process[camera/ir_rectify_ir-7]: started with pid [12043]
[ INFO] [1534514184.569204854]: Initializing nodelet with 4 worker threads.
process[camera/depth_rectify_depth-8]: started with pid [12047]
process[camera/depth_metric_rect-9]: started with pid [12061]
process[camera/depth_metric-10]: started with pid [12080]
process[camera/depth_points-11]: started with pid [12095]
process[camera/register_depth_rgb-12]: started with pid [12114]
process[camera/points_xyzrgb_sw_registered-13]: started with pid [12126]
process[camera/depth_registered_sw_metric_rect-14]: started with pid [12131]
process[camera/depth_registered_rectify_depth-15]: started with pid [12135]
process[camera/points_xyzrgb_hw_registered-16]: started with pid [12136]
process[camera/depth_registered_hw_metric_rect-17]: started with pid [12150]
process[camera/depth_registered_metric-18]: started with pid [12169]
process[camera/disparity_depth-19]: started with pid [12179]
process[camera/disparity_registered_sw-20]: started with pid [12187]
process[camera/disparity_registered_hw-21]: started with pid [12212]
process[camera_base_link-22]: started with pid [12217]
process[camera_base_link1-23]: started with pid [12237]
process[camera_base_link2-24]: started with pid [12248]
process[camera_base_link3-25]: started with pid [12258]
[ INFO] [1534514184.842716890]: No devices connected.... waiting for devices to be connected
[ INFO] [1534514187.844010803]: Number devices connected: 1
[ INFO] [1534514187.844185211]: 1. device on bus 000:00 is a Xbox NUI Camera (2ae) from Microsoft (45e) with serial id 'A00365916429110A'
[ INFO] [1534514187.846334707]: Searching for device with index = 1
[ INFO] [1534514188.181547725]: Starting a 3s RGB and Depth stream flush.
[ INFO] [1534514188.181687283]: Opened 'Xbox NUI Camera' on bus 0:0 with serial number 'A00365916429110A'
[ WARN] [1534514189.027835189]: Could not find any compatible depth output mode for 1. Falling back to default depth output mode 1.
[ INFO] [1534514189.043619851]: rgb_frame_id = 'camera_rgb_optical_frame' 
[ INFO] [1534514189.043685634]: depth_frame_id = 'camera_depth_optical_frame' 
[ WARN] [1534514189.052873136]: Camera calibration file /home/thill/.ros/camera_info/rgb_A00365916429110A.yaml not found.
[ WARN] [1534514189.052942385]: Using default parameters for RGB camera calibration.
[ WARN] [1534514189.052997085]: Camera calibration file /home/thill/.ros/camera_info/depth_A00365916429110A.yaml not found.
[ WARN] [1534514189.053058500]: Using default parameters for IR camera calibration.
terminate called after throwing an instance of 'std::runtime_error'
  what():  freenect_process_events error
[camera/camera_nodelet_manager-2] process has died [pid 11997, exit code -6, cmd /opt/ros/kinetic/lib/nodelet/nodelet manager __name:=camera_nodelet_manager __log:=/home/thill/.ros/log/53d6511e-a225-11e8-90f3-0023246d4fda/camera-camera_nodelet_manager-2.log].
log file: /home/thill/.ros/log/53d6511e-a225-11e8-90f3-0023246d4fda/camera-camera_nodelet_manager-2*.log

